Сеть net:
Количество слоев: 3
Количество нейронов в слое 0 : 2
Количество нейронов в слое 1 : 3
Количество нейронов в слое 2 : 1
W_ 1 :
[[-0.27  0.02]
 [-1.27 -0.13]
 [-0.71 -0.02]]
b_ 1 :
[[-0.71]
 [-0.73]
 [ 1.62]]
W_ 2 :
[[0.38 1.12 0.35]]
b_ 2 :
[[-1.77]]
Тест: T1 базовая 784-30-10
Топология: [784, 30, 10] Эпохи: 30 Пакет: 10 Скорость: 3.0
Epoch 0: 9075 / 10000
Epoch 1: 9229 / 10000
Epoch 2: 9318 / 10000
Epoch 3: 9369 / 10000
Epoch 4: 9396 / 10000
Epoch 5: 9398 / 10000
Epoch 6: 9422 / 10000
Epoch 7: 9433 / 10000
Epoch 8: 9437 / 10000
Epoch 9: 9468 / 10000
Epoch 10: 9476 / 10000
Epoch 11: 9474 / 10000
Epoch 12: 9515 / 10000
Epoch 13: 9497 / 10000
Epoch 14: 9487 / 10000
Epoch 15: 9518 / 10000
Epoch 16: 9474 / 10000
Epoch 17: 9520 / 10000
Epoch 18: 9516 / 10000
Epoch 19: 9500 / 10000
Epoch 20: 9520 / 10000
Epoch 21: 9487 / 10000
Epoch 22: 9507 / 10000
Epoch 23: 9515 / 10000
Epoch 24: 9511 / 10000
Epoch 25: 9525 / 10000
Epoch 26: 9489 / 10000
Epoch 27: 9524 / 10000
Epoch 28: 9527 / 10000
Epoch 29: 9526 / 10000

