Seed: 0
Тест: T10 однослойная 784-10 eta 3.0
Топология: [784, 10] Эпохи: 30 Пакет: 10 Скорость: 3.0
Defaults: [784, 30, 10] / 30 / 10 / 3.0
Epoch 0: 3696 / 10000
Epoch 1: 5164 / 10000
Epoch 2: 5448 / 10000
Epoch 3: 5537 / 10000
Epoch 4: 5530 / 10000
Epoch 5: 5577 / 10000
Epoch 6: 5711 / 10000
Epoch 7: 7463 / 10000
Epoch 8: 7477 / 10000
Epoch 9: 7485 / 10000
Epoch 10: 7468 / 10000
Epoch 11: 7492 / 10000
Epoch 12: 7494 / 10000
Epoch 13: 7518 / 10000
Epoch 14: 7494 / 10000
Epoch 15: 7677 / 10000
Epoch 16: 8349 / 10000
Epoch 17: 8366 / 10000
Epoch 18: 8356 / 10000
Epoch 19: 8354 / 10000
Epoch 20: 8367 / 10000
Epoch 21: 8395 / 10000
Epoch 22: 8383 / 10000
Epoch 23: 8380 / 10000
Epoch 24: 8386 / 10000
Epoch 25: 8395 / 10000
Epoch 26: 8386 / 10000
Epoch 27: 8397 / 10000
Epoch 28: 8381 / 10000
Epoch 29: 8382 / 10000
Время обучения: 93.0 с (1.55 мин)
Предсказаний по цифрам: [1153, 1273, 1153, 1073, 1133, 1042, 1057, 1077, 5, 1034]
Итоговая точность: 8382 / 10000

