Seed: 0
Тест: T11 однослойная 784-10 eta 1.0
Топология: [784, 10] Эпохи: 30 Пакет: 10 Скорость: 1.0
Defaults: [784, 30, 10] / 30 / 10 / 3.0
Epoch 0: 3514 / 10000
Epoch 1: 5010 / 10000
Epoch 2: 5318 / 10000
Epoch 3: 5357 / 10000
Epoch 4: 5405 / 10000
Epoch 5: 5412 / 10000
Epoch 6: 5429 / 10000
Epoch 7: 5417 / 10000
Epoch 8: 5433 / 10000
Epoch 9: 5436 / 10000
Epoch 10: 5462 / 10000
Epoch 11: 5478 / 10000
Epoch 12: 5484 / 10000
Epoch 13: 5490 / 10000
Epoch 14: 5508 / 10000
Epoch 15: 6599 / 10000
Epoch 16: 6592 / 10000
Epoch 17: 6605 / 10000
Epoch 18: 6602 / 10000
Epoch 19: 6615 / 10000
Epoch 20: 6615 / 10000
Epoch 21: 6635 / 10000
Epoch 22: 6626 / 10000
Epoch 23: 6628 / 10000
Epoch 24: 6645 / 10000
Epoch 25: 6656 / 10000
Epoch 26: 6881 / 10000
Epoch 27: 7503 / 10000
Epoch 28: 7509 / 10000
Epoch 29: 7511 / 10000
Время обучения: 92.4 с (1.54 мин)
Предсказаний по цифрам: [1197, 1254, 1605, 1092, 1202, 1440, 1, 1066, 5, 1138]
Итоговая точность: 7511 / 10000

