Seed: 0
Тест: T12 скрытый 100 скорость 1.0
Топология: [784, 100, 10] Эпохи: 30 Пакет: 10 Скорость: 1.0
Defaults: [784, 30, 10] / 30 / 10 / 3.0
Epoch 0: 7324 / 10000
Epoch 1: 8328 / 10000
Epoch 2: 8428 / 10000
Epoch 3: 8489 / 10000
Epoch 4: 8521 / 10000
Epoch 5: 8558 / 10000
Epoch 6: 8583 / 10000
Epoch 7: 8596 / 10000
Epoch 8: 8603 / 10000
Epoch 9: 8617 / 10000
Epoch 10: 8626 / 10000
Epoch 11: 8640 / 10000
Epoch 12: 8639 / 10000
Epoch 13: 8646 / 10000
Epoch 14: 8649 / 10000
Epoch 15: 8661 / 10000
Epoch 16: 8662 / 10000
Epoch 17: 8667 / 10000
Epoch 18: 8668 / 10000
Epoch 19: 8679 / 10000
Epoch 20: 8673 / 10000
Epoch 21: 8684 / 10000
Epoch 22: 8679 / 10000
Epoch 23: 8686 / 10000
Epoch 24: 8685 / 10000
Epoch 25: 8688 / 10000
Epoch 26: 8683 / 10000
Epoch 27: 8682 / 10000
Epoch 28: 8690 / 10000
Epoch 29: 8694 / 10000
Время обучения: 555.4 с (9.26 мин)
Предсказаний по цифрам: [1046, 1212, 1251, 1205, 1050, 1044, 1048, 1037, 0, 1107]
Итоговая точность: 8694 / 10000

