Seed: 0
Тест: T13 скрытый 50 скорость 3.0
Топология: [784, 50, 10] Эпохи: 30 Пакет: 10 Скорость: 3.0
Defaults: [784, 30, 10] / 30 / 10 / 3.0
Epoch 0: 8726 / 10000
Epoch 1: 9258 / 10000
Epoch 2: 9358 / 10000
Epoch 3: 9394 / 10000
Epoch 4: 9423 / 10000
Epoch 5: 9463 / 10000
Epoch 6: 9461 / 10000
Epoch 7: 9509 / 10000
Epoch 8: 9484 / 10000
Epoch 9: 9527 / 10000
Epoch 10: 9534 / 10000
Epoch 11: 9549 / 10000
Epoch 12: 9494 / 10000
Epoch 13: 9538 / 10000
Epoch 14: 9542 / 10000
Epoch 15: 9534 / 10000
Epoch 16: 9548 / 10000
Epoch 17: 9556 / 10000
Epoch 18: 9556 / 10000
Epoch 19: 9573 / 10000
Epoch 20: 9552 / 10000
Epoch 21: 9584 / 10000
Epoch 22: 9579 / 10000
Epoch 23: 9578 / 10000
Epoch 24: 9585 / 10000
Epoch 25: 9576 / 10000
Epoch 26: 9575 / 10000
Epoch 27: 9572 / 10000
Epoch 28: 9576 / 10000
Epoch 29: 9579 / 10000
Время обучения: 300.9 с (5.01 мин)
Предсказаний по цифрам: [1009, 1146, 1036, 1029, 992, 857, 959, 1021, 972, 979]
Итоговая точность: 9579 / 10000

