Seed: 0
Тест: T14 скрытый 15 скорость 3.0
Топология: [784, 15, 10] Эпохи: 30 Пакет: 10 Скорость: 3.0
Defaults: [784, 30, 10] / 30 / 10 / 3.0
Epoch 0: 8864 / 10000
Epoch 1: 9059 / 10000
Epoch 2: 9147 / 10000
Epoch 3: 9206 / 10000
Epoch 4: 9014 / 10000
Epoch 5: 9232 / 10000
Epoch 6: 9260 / 10000
Epoch 7: 9261 / 10000
Epoch 8: 9245 / 10000
Epoch 9: 9300 / 10000
Epoch 10: 9299 / 10000
Epoch 11: 9305 / 10000
Epoch 12: 9305 / 10000
Epoch 13: 9350 / 10000
Epoch 14: 9293 / 10000
Epoch 15: 9322 / 10000
Epoch 16: 9320 / 10000
Epoch 17: 9289 / 10000
Epoch 18: 9300 / 10000
Epoch 19: 9331 / 10000
Epoch 20: 9317 / 10000
Epoch 21: 9332 / 10000
Epoch 22: 9335 / 10000
Epoch 23: 9300 / 10000
Epoch 24: 9326 / 10000
Epoch 25: 9345 / 10000
Epoch 26: 9348 / 10000
Epoch 27: 9335 / 10000
Epoch 28: 9322 / 10000
Epoch 29: 9353 / 10000
Время обучения: 140.7 с (2.34 мин)
Предсказаний по цифрам: [987, 1158, 1040, 993, 984, 914, 980, 1029, 946, 969]
Итоговая точность: 9353 / 10000

