Seed: 0
Тест: T15 скрытый 100 Xavier eta 3.0
Топология: [784, 100, 10] Эпохи: 30 Пакет: 10 Скорость: 3.0
Инициализация: масштабированная (w / sqrt(fan-in))
Epoch 0: 9441 / 10000
Epoch 1: 9629 / 10000
Epoch 2: 9669 / 10000
Epoch 3: 9702 / 10000
Epoch 4: 9702 / 10000
Epoch 5: 9734 / 10000
Epoch 6: 9752 / 10000
Epoch 7: 9755 / 10000
Epoch 8: 9767 / 10000
Epoch 9: 9764 / 10000
Epoch 10: 9786 / 10000
Epoch 11: 9779 / 10000
Epoch 12: 9779 / 10000
Epoch 13: 9778 / 10000
Epoch 14: 9795 / 10000
Epoch 15: 9781 / 10000
Epoch 16: 9795 / 10000
Epoch 17: 9789 / 10000
Epoch 18: 9798 / 10000
Epoch 19: 9802 / 10000
Epoch 20: 9792 / 10000
Epoch 21: 9796 / 10000
Epoch 22: 9795 / 10000
Epoch 23: 9809 / 10000
Epoch 24: 9806 / 10000
Epoch 25: 9800 / 10000
Epoch 26: 9800 / 10000
Epoch 27: 9803 / 10000
Epoch 28: 9793 / 10000
Epoch 29: 9811 / 10000
Время обучения: 505.9 с (8.43 мин)
Предсказаний по цифрам: [995, 1138, 1037, 1008, 983, 888, 959, 1036, 960, 996]
Итоговая точность: 9811 / 10000

