Seed: 1
Тест: T1 базовая 784-30-10
Топология: [784, 30, 10] Эпохи: 30 Пакет: 10 Скорость: 3.0
Defaults: [784, 30, 10] / 30 / 10 / 3.0
Epoch 0: 8285 / 10000
Epoch 1: 8433 / 10000
Epoch 2: 9310 / 10000
Epoch 3: 9386 / 10000
Epoch 4: 9404 / 10000
Epoch 5: 9443 / 10000
Epoch 6: 9479 / 10000
Epoch 7: 9485 / 10000
Epoch 8: 9474 / 10000
Epoch 9: 9479 / 10000
Epoch 10: 9527 / 10000
Epoch 11: 9502 / 10000
Epoch 12: 9525 / 10000
Epoch 13: 9530 / 10000
Epoch 14: 9535 / 10000
Epoch 15: 9531 / 10000
Epoch 16: 9550 / 10000
Epoch 17: 9554 / 10000
Epoch 18: 9538 / 10000
Epoch 19: 9510 / 10000
Epoch 20: 9550 / 10000
Epoch 21: 9542 / 10000
Epoch 22: 9543 / 10000
Epoch 23: 9522 / 10000
Epoch 24: 9538 / 10000
Epoch 25: 9552 / 10000
Epoch 26: 9555 / 10000
Epoch 27: 9525 / 10000
Epoch 28: 9553 / 10000
Epoch 29: 9561 / 10000
Время обучения: 211.9 с (3.53 мин)
Предсказаний по цифрам: [1025, 1142, 1005, 999, 996, 896, 954, 1023, 997, 963]
Итоговая точность: 9561 / 10000

