Seed: 2
Тест: T1 базовая 784-30-10
Топология: [784, 30, 10] Эпохи: 30 Пакет: 10 Скорость: 3.0
Defaults: [784, 30, 10] / 30 / 10 / 3.0
Epoch 0: 9126 / 10000
Epoch 1: 9257 / 10000
Epoch 2: 9323 / 10000
Epoch 3: 9354 / 10000
Epoch 4: 9373 / 10000
Epoch 5: 9420 / 10000
Epoch 6: 9452 / 10000
Epoch 7: 9430 / 10000
Epoch 8: 9474 / 10000
Epoch 9: 9464 / 10000
Epoch 10: 9486 / 10000
Epoch 11: 9479 / 10000
Epoch 12: 9495 / 10000
Epoch 13: 9510 / 10000
Epoch 14: 9487 / 10000
Epoch 15: 9526 / 10000
Epoch 16: 9508 / 10000
Epoch 17: 9536 / 10000
Epoch 18: 9525 / 10000
Epoch 19: 9520 / 10000
Epoch 20: 9532 / 10000
Epoch 21: 9537 / 10000
Epoch 22: 9519 / 10000
Epoch 23: 9523 / 10000
Epoch 24: 9491 / 10000
Epoch 25: 9515 / 10000
Epoch 26: 9534 / 10000
Epoch 27: 9539 / 10000
Epoch 28: 9536 / 10000
Epoch 29: 9538 / 10000
Время обучения: 213.1 с (3.55 мин)
Предсказаний по цифрам: [1009, 1152, 1020, 993, 994, 883, 971, 1026, 970, 982]
Итоговая точность: 9538 / 10000

