Сеть net:
Количество слоев: 3
Количество нейронов в слое 0 : 2
Количество нейронов в слое 1 : 3
Количество нейронов в слое 2 : 1
W_ 1 :
[[-1.59 -2.1 ]
 [-0.56 -0.79]
 [ 0.83  0.87]]
b_ 1 :
[[-1.05]
 [-0.29]
 [ 0.24]]
W_ 2 :
[[-0.29  0.12 -0.99]]
b_ 2 :
[[1.24]]
Тест: T2 скрытый 100
Топология: [784, 100, 10] Эпохи: 30 Пакет: 10 Скорость: 3.0
Epoch 0: 5658 / 10000
Epoch 1: 5760 / 10000
Epoch 2: 7609 / 10000
Epoch 3: 8439 / 10000
Epoch 4: 8569 / 10000
Epoch 5: 8616 / 10000
Epoch 6: 8605 / 10000
Epoch 7: 8598 / 10000
Epoch 8: 8649 / 10000
Epoch 9: 8652 / 10000
Epoch 10: 8602 / 10000
Epoch 11: 8688 / 10000
Epoch 12: 8680 / 10000
Epoch 13: 8674 / 10000
Epoch 14: 8688 / 10000
Epoch 15: 8690 / 10000
Epoch 16: 8701 / 10000
Epoch 17: 8701 / 10000
Epoch 18: 8707 / 10000
Epoch 19: 8727 / 10000
Epoch 20: 8718 / 10000
Epoch 21: 8711 / 10000
Epoch 22: 8719 / 10000
Epoch 23: 8723 / 10000
Epoch 24: 8714 / 10000
Epoch 25: 8713 / 10000
Epoch 26: 8725 / 10000
Epoch 27: 8706 / 10000
Epoch 28: 8739 / 10000
Epoch 29: 8729 / 10000

