Seed: 0
Тест: T2 скрытый 100
Топология: [784, 100, 10] Эпохи: 30 Пакет: 10 Скорость: 3.0
Defaults: [784, 30, 10] / 30 / 10 / 3.0
Epoch 0: 8389 / 10000
Epoch 1: 8512 / 10000
Epoch 2: 8578 / 10000
Epoch 3: 8604 / 10000
Epoch 4: 8631 / 10000
Epoch 5: 8644 / 10000
Epoch 6: 8668 / 10000
Epoch 7: 8689 / 10000
Epoch 8: 8677 / 10000
Epoch 9: 8696 / 10000
Epoch 10: 8690 / 10000
Epoch 11: 8710 / 10000
Epoch 12: 8707 / 10000
Epoch 13: 8711 / 10000
Epoch 14: 8721 / 10000
Epoch 15: 8730 / 10000
Epoch 16: 8713 / 10000
Epoch 17: 8727 / 10000
Epoch 18: 8725 / 10000
Epoch 19: 8726 / 10000
Epoch 20: 8727 / 10000
Epoch 21: 8735 / 10000
Epoch 22: 8727 / 10000
Epoch 23: 8735 / 10000
Epoch 24: 8734 / 10000
Epoch 25: 8713 / 10000
Epoch 26: 8734 / 10000
Epoch 27: 8736 / 10000
Epoch 28: 8744 / 10000
Epoch 29: 8741 / 10000
Время обучения: 540.4 с (9.01 мин)
Предсказаний по цифрам: [1082, 1211, 1182, 1151, 1076, 1041, 1040, 1061, 2, 1154]
Итоговая точность: 8741 / 10000

