Сеть net:
Количество слоев: 3
Количество нейронов в слое 0 : 2
Количество нейронов в слое 1 : 3
Количество нейронов в слое 2 : 1
W_ 1 :
[[-0.6  -0.12]
 [ 0.63 -1.23]
 [ 0.56 -1.45]]
b_ 1 :
[[0.56]
 [0.04]
 [0.62]]
W_ 2 :
[[-2.11 -0.38 -1.4 ]]
b_ 2 :
[[-0.2]]
Тест: T3 большой пакет
Топология: [784, 100, 10] Эпохи: 30 Пакет: 1000 Скорость: 0.001
Epoch 0: 667 / 10000
Epoch 1: 667 / 10000
Epoch 2: 664 / 10000
Epoch 3: 665 / 10000
Epoch 4: 666 / 10000
Epoch 5: 667 / 10000
Epoch 6: 672 / 10000
Epoch 7: 674 / 10000
Epoch 8: 678 / 10000
Epoch 9: 676 / 10000
Epoch 10: 675 / 10000
Epoch 11: 680 / 10000
Epoch 12: 680 / 10000
Epoch 13: 684 / 10000
Epoch 14: 687 / 10000
Epoch 15: 684 / 10000
Epoch 16: 686 / 10000
Epoch 17: 689 / 10000
Epoch 18: 694 / 10000
Epoch 19: 692 / 10000
Epoch 20: 691 / 10000
Epoch 21: 694 / 10000
Epoch 22: 695 / 10000
Epoch 23: 693 / 10000
Epoch 24: 694 / 10000
Epoch 25: 694 / 10000
Epoch 26: 699 / 10000
Epoch 27: 705 / 10000
Epoch 28: 710 / 10000
Epoch 29: 712 / 10000

