Сеть net:
Количество слоев: 3
Количество нейронов в слое 0 : 2
Количество нейронов в слое 1 : 3
Количество нейронов в слое 2 : 1
W_ 1 :
[[ 0.78 -1.6 ]
 [-1.27 -0.17]
 [ 0.95  0.89]]
b_ 1 :
[[1.35]
 [0.19]
 [0.2 ]]
W_ 2 :
[[-0.02  0.74 -0.07]]
b_ 2 :
[[-0.51]]
Тест: T4 скорость 100
Топология: [784, 30, 10] Эпохи: 30 Пакет: 10 Скорость: 100.0
Epoch 0: 974 / 10000
Epoch 1: 1110 / 10000
Epoch 2: 1110 / 10000
Epoch 3: 1110 / 10000
Epoch 4: 1110 / 10000
Epoch 5: 1110 / 10000
Epoch 6: 1110 / 10000
Epoch 7: 1110 / 10000
Epoch 8: 1110 / 10000
Epoch 9: 1110 / 10000
Epoch 10: 1110 / 10000
Epoch 11: 1110 / 10000
Epoch 12: 1110 / 10000
Epoch 13: 1110 / 10000
Epoch 14: 1110 / 10000
Epoch 15: 1110 / 10000
Epoch 16: 1110 / 10000
Epoch 17: 1110 / 10000
Epoch 18: 1110 / 10000
Epoch 19: 1110 / 10000
Epoch 20: 1110 / 10000
Epoch 21: 1110 / 10000
Epoch 22: 1110 / 10000
Epoch 23: 1110 / 10000
Epoch 24: 1110 / 10000
Epoch 25: 1110 / 10000
Epoch 26: 1110 / 10000
Epoch 27: 1110 / 10000
Epoch 28: 1110 / 10000
Epoch 29: 1110 / 10000

