Сеть net:
Количество слоев: 3
Количество нейронов в слое 0 : 2
Количество нейронов в слое 1 : 3
Количество нейронов в слое 2 : 1
W_ 1 :
[[-1.63 -2.  ]
 [ 0.96  0.37]
 [-0.5   0.32]]
b_ 1 :
[[ 0.64]
 [-0.47]
 [ 1.45]]
W_ 2 :
[[0.03 0.49 0.98]]
b_ 2 :
[[-2.91]]
Тест: T5 два слоя
Топология: [784, 10] Эпохи: 30 Пакет: 10 Скорость: 100.0
Epoch 0: 1951 / 10000
network.py:26: RuntimeWarning: overflow encountered in exp
  return 1.0 / (1.0 + np.exp(-z))
Epoch 1: 2850 / 10000
Epoch 2: 2555 / 10000
Epoch 3: 2633 / 10000
Epoch 4: 2379 / 10000
Epoch 5: 2591 / 10000
Epoch 6: 2566 / 10000
Epoch 7: 2562 / 10000
Epoch 8: 2562 / 10000
Epoch 9: 2652 / 10000
Epoch 10: 2496 / 10000
Epoch 11: 2571 / 10000
Epoch 12: 2608 / 10000
Epoch 13: 2686 / 10000
Epoch 14: 2626 / 10000
Epoch 15: 2612 / 10000
Epoch 16: 2633 / 10000
Epoch 17: 2585 / 10000
Epoch 18: 2615 / 10000
Epoch 19: 2638 / 10000
Epoch 20: 2644 / 10000
Epoch 21: 2628 / 10000
Epoch 22: 2680 / 10000
Epoch 23: 2654 / 10000
Epoch 24: 2729 / 10000
Epoch 25: 2581 / 10000
Epoch 26: 2899 / 10000
Epoch 27: 3035 / 10000
Epoch 28: 3278 / 10000
Epoch 29: 3191 / 10000

