Сеть net:
Количество слоев: 3
Количество нейронов в слое 0 : 2
Количество нейронов в слое 1 : 3
Количество нейронов в слое 2 : 1
W_ 1 :
[[ 0.81 -0.54]
 [-0.18  0.43]
 [-0.98 -0.86]]
b_ 1 :
[[ 0.38]
 [-0.24]
 [-1.1 ]]
W_ 2 :
[[ 1.07  1.58 -0.76]]
b_ 2 :
[[0.2]]
Тест: T6 скорость 0.5
Топология: [784, 30, 10] Эпохи: 30 Пакет: 10 Скорость: 0.5
Epoch 0: 8400 / 10000
Epoch 1: 8827 / 10000
Epoch 2: 8973 / 10000
Epoch 3: 9049 / 10000
Epoch 4: 9106 / 10000
Epoch 5: 9147 / 10000
Epoch 6: 9178 / 10000
Epoch 7: 9202 / 10000
Epoch 8: 9245 / 10000
Epoch 9: 9270 / 10000
Epoch 10: 9279 / 10000
Epoch 11: 9292 / 10000
Epoch 12: 9321 / 10000
Epoch 13: 9334 / 10000
Epoch 14: 9333 / 10000
Epoch 15: 9359 / 10000
Epoch 16: 9369 / 10000
Epoch 17: 9370 / 10000
Epoch 18: 9388 / 10000
Epoch 19: 9376 / 10000
Epoch 20: 9405 / 10000
Epoch 21: 9395 / 10000
Epoch 22: 9410 / 10000
Epoch 23: 9413 / 10000
Epoch 24: 9428 / 10000
Epoch 25: 9413 / 10000
Epoch 26: 9423 / 10000
Epoch 27: 9426 / 10000
Epoch 28: 9440 / 10000
Epoch 29: 9424 / 10000

