Сеть net:
Количество слоев: 3
Количество нейронов в слое 0 : 2
Количество нейронов в слое 1 : 3
Количество нейронов в слое 2 : 1
W_ 1 :
[[-2.1  -1.98]
 [ 0.05 -0.41]
 [ 0.05 -0.24]]
b_ 1 :
[[ 0.53]
 [ 0.13]
 [-0.29]]
W_ 2 :
[[-0.64 -1.05  1.33]]
b_ 2 :
[[-0.17]]
Тест: T7 пакет 64
Топология: [784, 30, 10] Эпохи: 30 Пакет: 64 Скорость: 3.0
Epoch 0: 8117 / 10000
Epoch 1: 8716 / 10000
Epoch 2: 8919 / 10000
Epoch 3: 9010 / 10000
Epoch 4: 9083 / 10000
Epoch 5: 9145 / 10000
Epoch 6: 9184 / 10000
Epoch 7: 9196 / 10000
Epoch 8: 9187 / 10000
Epoch 9: 9254 / 10000
Epoch 10: 9265 / 10000
Epoch 11: 9271 / 10000
Epoch 12: 9284 / 10000
Epoch 13: 9308 / 10000
Epoch 14: 9315 / 10000
Epoch 15: 9323 / 10000
Epoch 16: 9298 / 10000
Epoch 17: 9330 / 10000
Epoch 18: 9333 / 10000
Epoch 19: 9347 / 10000
Epoch 20: 9355 / 10000
Epoch 21: 9346 / 10000
Epoch 22: 9352 / 10000
Epoch 23: 9358 / 10000
Epoch 24: 9368 / 10000
Epoch 25: 9376 / 10000
Epoch 26: 9384 / 10000
Epoch 27: 9373 / 10000
Epoch 28: 9386 / 10000
Epoch 29: 9385 / 10000

