Сеть net:
Количество слоев: 3
Количество нейронов в слое 0 : 2
Количество нейронов в слое 1 : 3
Количество нейронов в слое 2 : 1
W_ 1 :
[[ 0.41 -0.49]
 [ 1.02 -1.07]
 [-0.91  2.05]]
b_ 1 :
[[-0.83]
 [-0.87]
 [ 1.8 ]]
W_ 2 :
[[ 1.44 -0.3   1.31]]
b_ 2 :
[[0.02]]
Тест: T8 скрытый 100 скорость 0.5
Топология: [784, 100, 10] Эпохи: 30 Пакет: 10 Скорость: 0.5
Epoch 0: 7690 / 10000
Epoch 1: 8117 / 10000
Epoch 2: 8248 / 10000
Epoch 3: 8296 / 10000
Epoch 4: 8353 / 10000
Epoch 5: 8400 / 10000
Epoch 6: 8415 / 10000
Epoch 7: 8470 / 10000
Epoch 8: 8479 / 10000
Epoch 9: 8480 / 10000
Epoch 10: 8505 / 10000
Epoch 11: 8523 / 10000
Epoch 12: 8546 / 10000
Epoch 13: 8543 / 10000
Epoch 14: 8554 / 10000
Epoch 15: 8561 / 10000
Epoch 16: 8566 / 10000
Epoch 17: 8581 / 10000
Epoch 18: 8584 / 10000
Epoch 19: 8582 / 10000
Epoch 20: 8584 / 10000
Epoch 21: 8584 / 10000
Epoch 22: 8586 / 10000
Epoch 23: 8592 / 10000
Epoch 24: 8590 / 10000
Epoch 25: 8603 / 10000
Epoch 26: 8599 / 10000
Epoch 27: 8605 / 10000
Epoch 28: 8605 / 10000
Epoch 29: 8602 / 10000

