Сеть net:
Количество слоев: 3
Количество нейронов в слое 0 : 2
Количество нейронов в слое 1 : 3
Количество нейронов в слое 2 : 1
W_ 1 :
[[-0.41  0.1 ]
 [ 0.04 -0.1 ]
 [ 0.37  1.  ]]
b_ 1 :
[[-1.51]
 [-1.07]
 [ 0.17]]
W_ 2 :
[[0.14 0.88 0.1 ]]
b_ 2 :
[[1.8]]
Тест: T9 скорость 1.0
Топология: [784, 30, 10] Эпохи: 30 Пакет: 10 Скорость: 1.0
Epoch 0: 7989 / 10000
Epoch 1: 8222 / 10000
Epoch 2: 8291 / 10000
Epoch 3: 9131 / 10000
Epoch 4: 9194 / 10000
Epoch 5: 9210 / 10000
Epoch 6: 9258 / 10000
Epoch 7: 9286 / 10000
Epoch 8: 9323 / 10000
Epoch 9: 9337 / 10000
Epoch 10: 9337 / 10000
Epoch 11: 9334 / 10000
Epoch 12: 9352 / 10000
Epoch 13: 9353 / 10000
Epoch 14: 9395 / 10000
Epoch 15: 9382 / 10000
Epoch 16: 9371 / 10000
Epoch 17: 9380 / 10000
Epoch 18: 9398 / 10000
Epoch 19: 9397 / 10000
Epoch 20: 9397 / 10000
Epoch 21: 9386 / 10000
Epoch 22: 9399 / 10000
Epoch 23: 9403 / 10000
Epoch 24: 9412 / 10000
Epoch 25: 9408 / 10000
Epoch 26: 9407 / 10000
Epoch 27: 9416 / 10000
Epoch 28: 9413 / 10000
Epoch 29: 9406 / 10000

